MemTotal:       16290904 kB
MemFree:        14142256 kB
Buffers:          355928 kB
Cached:          1072616 kB
SwapCached:            0 kB
Active:           733636 kB
Inactive:         886960 kB
Active(anon):     192040 kB
Inactive(anon):      988 kB
Active(file):     541596 kB
Inactive(file):   885972 kB
Unevictable:           0 kB
Mlocked:               0 kB
SwapTotal:       8216572 kB
SwapFree:        8216572 kB
Dirty:               328 kB
Writeback:             0 kB
AnonPages:        192168 kB
Mapped:            19932 kB
Shmem:              1004 kB
Slab:             378964 kB
SReclaimable:     112776 kB
SUnreclaim:       266188 kB
KernelStack:        2896 kB
PageTables:         6076 kB
NFS_Unstable:          0 kB
Bounce:                0 kB
WritebackTmp:          0 kB
CommitLimit:    16362024 kB
Committed_AS:     333672 kB
VmallocTotal:   34359738367 kB
VmallocUsed:      126704 kB
VmallocChunk:   34359520724 kB
HardwareCorrupted:     0 kB
AnonHugePages:     67584 kB
HugePages_Total:       0
HugePages_Free:        0
HugePages_Rsvd:        0
HugePages_Surp:        0
Hugepagesize:       2048 kB
DirectMap4k:        4096 kB
DirectMap2M:     2084864 kB
DirectMap1G:    14680064 kB
